
(base) C:\Users\sergi>cd C:\Users\sergi\OneDrive\Desktop

(base) C:\Users\sergi\OneDrive\Desktop>cd Danie_Pytho

(base) C:\Users\sergi\OneDrive\Desktop\Danie_Pytho>conda activate protecto1

EnvironmentNameNotFound: Could not find conda environment: protecto1
You can list all discoverable environments with `conda info --envs`.



(base) C:\Users\sergi\OneDrive\Desktop\Danie_Pytho>conda activate Proyecto01

EnvironmentNameNotFound: Could not find conda environment: Proyecto01
You can list all discoverable environments with `conda info --envs`.



(base) C:\Users\sergi\OneDrive\Desktop\Danie_Pytho>conda env list
# conda environments:
#
base                  *  C:\Users\sergi\miniconda3
Proyecto1                C:\Users\sergi\miniconda3\envs\Proyecto1


(base) C:\Users\sergi\OneDrive\Desktop\Danie_Pytho>conda activate Proyecto01

EnvironmentNameNotFound: Could not find conda environment: Proyecto01
You can list all discoverable environments with `conda info --envs`.



(base) C:\Users\sergi\OneDrive\Desktop\Danie_Pytho>conda activate Proyecto1

(Proyecto1) C:\Users\sergi\OneDrive\Desktop\Danie_Pytho>poetry
Poetry (version 1.8.3)

Usage:
  command [options] [arguments]

Options:
  -h, --help                 Display help for the given command. When no command is given display help for the list command.
  -q, --quiet                Do not output any message.
  -V, --version              Display this application version.
      --ansi                 Force ANSI output.
      --no-ansi              Disable ANSI output.
  -n, --no-interaction       Do not ask any interactive question.
      --no-plugins           Disables plugins.
      --no-cache             Disables Poetry source caches.
  -C, --directory=DIRECTORY  The working directory for the Poetry command (defaults to the current working directory).
  -v|vv|vvv, --verbose       Increase the verbosity of messages: 1 for normal output, 2 for more verbose output and 3 for debug.

Available commands:
  about              Shows information about Poetry.
  add                Adds a new dependency to pyproject.toml and installs it.
  build              Builds a package, as a tarball and a wheel by default.
  check              Validates the content of the pyproject.toml file and its consistency with the poetry.lock file.
  config             Manages configuration settings.
  export             Exports the lock file to alternative formats.
  help               Displays help for a command.
  init               Creates a basic pyproject.toml file in the current directory.
  install            Installs the project dependencies.
  list               Lists commands.
  lock               Locks the project dependencies.
  new                Creates a new Python project at <path>.
  publish            Publishes a package to a remote repository.
  remove             Removes a package from the project dependencies.
  run                Runs a command in the appropriate environment.
  search             Searches for packages on remote repositories.
  shell              Spawns a shell within the virtual environment.
  show               Shows information about packages.
  update             Update the dependencies as according to the pyproject.toml file.
  version            Shows the version of the project or bumps it when a valid bump rule is provided.

 cache
  cache clear        Clears a Poetry cache by name.
  cache list         List Poetry's caches.

 debug
  debug info         Shows debug information.
  debug resolve      Debugs dependency resolution.

 env
  env info           Displays information about the current environment.
  env list           Lists all virtualenvs associated with the current project.
  env remove         Remove virtual environments associated with the project.
  env use            Activates or creates a new virtualenv for the current project.

 self
  self add           Add additional packages to Poetry's runtime environment.
  self install       Install locked packages (incl. addons) required by this Poetry installation.
  self lock          Lock the Poetry installation's system requirements.
  self remove        Remove additional packages from Poetry's runtime environment.
  self show          Show packages from Poetry's runtime environment.
  self show plugins  Shows information about the currently installed plugins.
  self update        Updates Poetry to the latest version.

 source
  source add         Add source configuration for project.
  source remove      Remove source configured for the project.
  source show        Show information about sources configured for the project.

(Proyecto1) C:\Users\sergi\OneDrive\Desktop\Danie_Pytho>poetry env list

(Proyecto1) C:\Users\sergi\OneDrive\Desktop\Danie_Pytho>conda list -n proyecto01

EnvironmentLocationNotFound: Not a conda environment: C:\Users\sergi\miniconda3\envs\proyecto01


(Proyecto1) C:\Users\sergi\OneDrive\Desktop\Danie_Pytho>conda list -n "proyecto01"

EnvironmentLocationNotFound: Not a conda environment: C:\Users\sergi\miniconda3\envs\proyecto01


(Proyecto1) C:\Users\sergi\OneDrive\Desktop\Danie_Pytho>conda list
# packages in environment at C:\Users\sergi\miniconda3\envs\Proyecto1:
#
# Name                    Version                   Build  Channel
asttokens                 2.4.1                    pypi_0    pypi
build                     1.2.2                    pypi_0    pypi
bzip2                     1.0.8                h2bbff1b_6
ca-certificates           2024.7.2             haa95532_0
cachecontrol              0.14.0                   pypi_0    pypi
certifi                   2024.8.30                pypi_0    pypi
charset-normalizer        3.3.2                    pypi_0    pypi
cleo                      2.1.0                    pypi_0    pypi
colorama                  0.4.6                    pypi_0    pypi
comm                      0.2.2                    pypi_0    pypi
contourpy                 1.3.0                    pypi_0    pypi
crashtest                 0.4.1                    pypi_0    pypi
cycler                    0.12.1                   pypi_0    pypi
debugpy                   1.8.5                    pypi_0    pypi
decorator                 5.1.1                    pypi_0    pypi
distlib                   0.3.8                    pypi_0    pypi
dulwich                   0.21.7                   pypi_0    pypi
executing                 2.1.0                    pypi_0    pypi
expat                     2.6.3                h5da7b33_0
fastjsonschema            2.20.0                   pypi_0    pypi
filelock                  3.16.1                   pypi_0    pypi
fonttools                 4.53.1                   pypi_0    pypi
idna                      3.10                     pypi_0    pypi
installer                 0.7.0                    pypi_0    pypi
ipykernel                 6.29.5                   pypi_0    pypi
ipython                   8.27.0                   pypi_0    pypi
jaraco-classes            3.4.0                    pypi_0    pypi
jedi                      0.19.1                   pypi_0    pypi
joblib                    1.4.2                    pypi_0    pypi
jupyter-client            8.6.3                    pypi_0    pypi
jupyter-core              5.7.2                    pypi_0    pypi
keyring                   24.3.1                   pypi_0    pypi
kiwisolver                1.4.7                    pypi_0    pypi
libffi                    3.4.4                hd77b12b_1
matplotlib                3.9.2                    pypi_0    pypi
matplotlib-inline         0.1.7                    pypi_0    pypi
more-itertools            10.5.0                   pypi_0    pypi
msgpack                   1.1.0                    pypi_0    pypi
nest-asyncio              1.6.0                    pypi_0    pypi
numpy                     2.1.1                    pypi_0    pypi
openssl                   3.0.15               h827c3e9_0
packaging                 24.1                     pypi_0    pypi
pandas                    2.2.2                    pypi_0    pypi
parso                     0.8.4                    pypi_0    pypi
patsy                     0.5.6                    pypi_0    pypi
pexpect                   4.9.0                    pypi_0    pypi
pillow                    10.4.0                   pypi_0    pypi
pip                       24.2            py312haa95532_0
pkginfo                   1.11.1                   pypi_0    pypi
platformdirs              4.3.6                    pypi_0    pypi
poetry                    1.8.3                    pypi_0    pypi
poetry-core               1.9.0                    pypi_0    pypi
poetry-plugin-export      1.8.0                    pypi_0    pypi
prompt-toolkit            3.0.47                   pypi_0    pypi
psutil                    6.0.0                    pypi_0    pypi
ptyprocess                0.7.0                    pypi_0    pypi
pure-eval                 0.2.3                    pypi_0    pypi
pygments                  2.18.0                   pypi_0    pypi
pyparsing                 3.1.4                    pypi_0    pypi
pyproject-hooks           1.1.0                    pypi_0    pypi
python                    3.12.5               h14ffc60_1
python-dateutil           2.9.0.post0              pypi_0    pypi
pytz                      2024.2                   pypi_0    pypi
pywin32                   306                      pypi_0    pypi
pywin32-ctypes            0.2.3                    pypi_0    pypi
pyzmq                     26.2.0                   pypi_0    pypi
rapidfuzz                 3.9.7                    pypi_0    pypi
requests                  2.32.3                   pypi_0    pypi
requests-toolbelt         1.0.0                    pypi_0    pypi
scikit-learn              1.5.2                    pypi_0    pypi
scipy                     1.14.1                   pypi_0    pypi
seaborn                   0.13.2                   pypi_0    pypi
setuptools                72.1.0          py312haa95532_0
shellingham               1.5.4                    pypi_0    pypi
six                       1.16.0                   pypi_0    pypi
sqlite                    3.45.3               h2bbff1b_0
stack-data                0.6.3                    pypi_0    pypi
statsmodels               0.14.3                   pypi_0    pypi
threadpoolctl             3.5.0                    pypi_0    pypi
tk                        8.6.14               h0416ee5_0
tomlkit                   0.13.2                   pypi_0    pypi
tornado                   6.4.1                    pypi_0    pypi
traitlets                 5.14.3                   pypi_0    pypi
trove-classifiers         2024.9.12                pypi_0    pypi
tzdata                    2024.1                   pypi_0    pypi
urllib3                   2.2.3                    pypi_0    pypi
vc                        14.40                h2eaa2aa_1
virtualenv                20.26.5                  pypi_0    pypi
vs2015_runtime            14.40.33807          h98bb1dd_1
wcwidth                   0.2.13                   pypi_0    pypi
wheel                     0.44.0          py312haa95532_0
xz                        5.4.6                h8cc25b3_1
zlib                      1.2.13               h8cc25b3_1

(Proyecto1) C:\Users\sergi\OneDrive\Desktop\Danie_Pytho>conda env list
# conda environments:
#
base                     C:\Users\sergi\miniconda3
Proyecto1             *  C:\Users\sergi\miniconda3\envs\Proyecto1


(Proyecto1) C:\Users\sergi\OneDrive\Desktop\Danie_Pytho>poetry env list

(Proyecto1) C:\Users\sergi\OneDrive\Desktop\Danie_Pytho>poetry --version
Poetry (version 1.8.3)

(Proyecto1) C:\Users\sergi\OneDrive\Desktop\Danie_Pytho>poetry init
A pyproject.toml file with a poetry section already exists.

(Proyecto1) C:\Users\sergi\OneDrive\Desktop\Danie_Pytho>poetry init
A pyproject.toml file with a poetry section already exists.

(Proyecto1) C:\Users\sergi\OneDrive\Desktop\Danie_Pytho>poetri install
"poetri" no se reconoce como un comando interno o externo,
programa o archivo por lotes ejecutable.

(Proyecto1) C:\Users\sergi\OneDrive\Desktop\Danie_Pytho>poetry install
Installing dependencies from lock file

No dependencies to install or update

Installing the current project: proyecto01 (0.0.1)
Warning: The current project could not be installed: [Errno 2] No such file or directory: 'C:\\Users\\sergi\\OneDrive\\Desktop\\Danie_Pytho\\README.md'
If you do not want to install the current project use --no-root.
If you want to use Poetry only for dependency management but not for packaging, you can disable package mode by setting package-mode = false in your pyproject.toml file.
In a future version of Poetry this warning will become an error!

(Proyecto1) C:\Users\sergi\OneDrive\Desktop\Danie_Pytho>poetry shell
Virtual environment already activated: C:\Users\sergi\miniconda3\envs\Proyecto1

(Proyecto1) C:\Users\sergi\OneDrive\Desktop\Danie_Pytho>conda list
# packages in environment at C:\Users\sergi\miniconda3\envs\Proyecto1:
#
# Name                    Version                   Build  Channel
asttokens                 2.4.1                    pypi_0    pypi
build                     1.2.2                    pypi_0    pypi
bzip2                     1.0.8                h2bbff1b_6
ca-certificates           2024.7.2             haa95532_0
cachecontrol              0.14.0                   pypi_0    pypi
certifi                   2024.8.30                pypi_0    pypi
charset-normalizer        3.3.2                    pypi_0    pypi
cleo                      2.1.0                    pypi_0    pypi
colorama                  0.4.6                    pypi_0    pypi
comm                      0.2.2                    pypi_0    pypi
contourpy                 1.3.0                    pypi_0    pypi
crashtest                 0.4.1                    pypi_0    pypi
cycler                    0.12.1                   pypi_0    pypi
debugpy                   1.8.5                    pypi_0    pypi
decorator                 5.1.1                    pypi_0    pypi
distlib                   0.3.8                    pypi_0    pypi
dulwich                   0.21.7                   pypi_0    pypi
executing                 2.1.0                    pypi_0    pypi
expat                     2.6.3                h5da7b33_0
fastjsonschema            2.20.0                   pypi_0    pypi
filelock                  3.16.1                   pypi_0    pypi
fonttools                 4.53.1                   pypi_0    pypi
idna                      3.10                     pypi_0    pypi
installer                 0.7.0                    pypi_0    pypi
ipykernel                 6.29.5                   pypi_0    pypi
ipython                   8.27.0                   pypi_0    pypi
jaraco-classes            3.4.0                    pypi_0    pypi
jedi                      0.19.1                   pypi_0    pypi
joblib                    1.4.2                    pypi_0    pypi
jupyter-client            8.6.3                    pypi_0    pypi
jupyter-core              5.7.2                    pypi_0    pypi
keyring                   24.3.1                   pypi_0    pypi
kiwisolver                1.4.7                    pypi_0    pypi
libffi                    3.4.4                hd77b12b_1
matplotlib                3.9.2                    pypi_0    pypi
matplotlib-inline         0.1.7                    pypi_0    pypi
more-itertools            10.5.0                   pypi_0    pypi
msgpack                   1.1.0                    pypi_0    pypi
nest-asyncio              1.6.0                    pypi_0    pypi
numpy                     2.1.1                    pypi_0    pypi
openssl                   3.0.15               h827c3e9_0
packaging                 24.1                     pypi_0    pypi
pandas                    2.2.2                    pypi_0    pypi
parso                     0.8.4                    pypi_0    pypi
patsy                     0.5.6                    pypi_0    pypi
pexpect                   4.9.0                    pypi_0    pypi
pillow                    10.4.0                   pypi_0    pypi
pip                       24.2            py312haa95532_0
pkginfo                   1.11.1                   pypi_0    pypi
platformdirs              4.3.6                    pypi_0    pypi
poetry                    1.8.3                    pypi_0    pypi
poetry-core               1.9.0                    pypi_0    pypi
poetry-plugin-export      1.8.0                    pypi_0    pypi
prompt-toolkit            3.0.47                   pypi_0    pypi
psutil                    6.0.0                    pypi_0    pypi
ptyprocess                0.7.0                    pypi_0    pypi
pure-eval                 0.2.3                    pypi_0    pypi
pygments                  2.18.0                   pypi_0    pypi
pyparsing                 3.1.4                    pypi_0    pypi
pyproject-hooks           1.1.0                    pypi_0    pypi
python                    3.12.5               h14ffc60_1
python-dateutil           2.9.0.post0              pypi_0    pypi
pytz                      2024.2                   pypi_0    pypi
pywin32                   306                      pypi_0    pypi
pywin32-ctypes            0.2.3                    pypi_0    pypi
pyzmq                     26.2.0                   pypi_0    pypi
rapidfuzz                 3.9.7                    pypi_0    pypi
requests                  2.32.3                   pypi_0    pypi
requests-toolbelt         1.0.0                    pypi_0    pypi
scikit-learn              1.5.2                    pypi_0    pypi
scipy                     1.14.1                   pypi_0    pypi
seaborn                   0.13.2                   pypi_0    pypi
setuptools                72.1.0          py312haa95532_0
shellingham               1.5.4                    pypi_0    pypi
six                       1.16.0                   pypi_0    pypi
sqlite                    3.45.3               h2bbff1b_0
stack-data                0.6.3                    pypi_0    pypi
statsmodels               0.14.3                   pypi_0    pypi
threadpoolctl             3.5.0                    pypi_0    pypi
tk                        8.6.14               h0416ee5_0
tomlkit                   0.13.2                   pypi_0    pypi
tornado                   6.4.1                    pypi_0    pypi
traitlets                 5.14.3                   pypi_0    pypi
trove-classifiers         2024.9.12                pypi_0    pypi
tzdata                    2024.1                   pypi_0    pypi
urllib3                   2.2.3                    pypi_0    pypi
vc                        14.40                h2eaa2aa_1
virtualenv                20.26.5                  pypi_0    pypi
vs2015_runtime            14.40.33807          h98bb1dd_1
wcwidth                   0.2.13                   pypi_0    pypi
wheel                     0.44.0          py312haa95532_0
xz                        5.4.6                h8cc25b3_1
zlib                      1.2.13               h8cc25b3_1

(Proyecto1) C:\Users\sergi\OneDrive\Desktop\Danie_Pytho>conda activate Proyecto1

(Proyecto1) C:\Users\sergi\OneDrive\Desktop\Danie_Pytho>git init
Initialized empty Git repository in C:/Users/sergi/OneDrive/Desktop/Danie_Pytho/.git/

(Proyecto1) C:\Users\sergi\OneDrive\Desktop\Danie_Pytho>git commit -m "Mi primer Comit"
Author identity unknown

*** Please tell me who you are.

Run

  git config --global user.email "you@example.com"
  git config --global user.name "Your Name"

to set your account's default identity.
Omit --global to set the identity only in this repository.

fatal: unable to auto-detect email address (got 'sergi@DESKTOP-1RU1JIN.(none)')

(Proyecto1) C:\Users\sergi\OneDrive\Desktop\Danie_Pytho>git config --global user.email danielymadox1997@gamil.com

(Proyecto1) C:\Users\sergi\OneDrive\Desktop\Danie_Pytho> git config --global user.name "Daniel Quito"

(Proyecto1) C:\Users\sergi\OneDrive\Desktop\Danie_Pytho>git status
On branch master

No commits yet

Untracked files:
  (use "git add <file>..." to include in what will be committed)
        poetry.lock
        pyproject.toml

nothing added to commit but untracked files present (use "git add" to track)

(Proyecto1) C:\Users\sergi\OneDrive\Desktop\Danie_Pytho>git add
Nothing specified, nothing added.
hint: Maybe you wanted to say 'git add .'?
hint: Disable this message with "git config advice.addEmptyPathspec false"

(Proyecto1) C:\Users\sergi\OneDrive\Desktop\Danie_Pytho>git add .

(Proyecto1) C:\Users\sergi\OneDrive\Desktop\Danie_Pytho>git status}
git: 'status}' is not a git command. See 'git --help'.

The most similar command is
        status

(Proyecto1) C:\Users\sergi\OneDrive\Desktop\Danie_Pytho>git status
On branch master

No commits yet

Changes to be committed:
  (use "git rm --cached <file>..." to unstage)
        new file:   poetry.lock
        new file:   pyproject.toml


(Proyecto1) C:\Users\sergi\OneDrive\Desktop\Danie_Pytho>git remote add origin https://github.com/DanielDTom/ean_est_pytho_DQ_2024.git

(Proyecto1) C:\Users\sergi\OneDrive\Desktop\Danie_Pytho>git status
On branch master

No commits yet

Changes to be committed:
  (use "git rm --cached <file>..." to unstage)
        new file:   poetry.lock
        new file:   pyproject.toml


(Proyecto1) C:\Users\sergi\OneDrive\Desktop\Danie_Pytho>git remote add origin https://github.com/DanielDTom/ean_est_pytho_DQ_2024.git
error: remote origin already exists.

(Proyecto1) C:\Users\sergi\OneDrive\Desktop\Danie_Pytho>git branch -M main

(Proyecto1) C:\Users\sergi\OneDrive\Desktop\Danie_Pytho>git status
On branch main

No commits yet

Changes to be committed:
  (use "git rm --cached <file>..." to unstage)
        new file:   poetry.lock
        new file:   pyproject.toml


(Proyecto1) C:\Users\sergi\OneDrive\Desktop\Danie_Pytho>git push -u origin main
error: src refspec main does not match any
error: failed to push some refs to 'https://github.com/DanielDTom/ean_est_pytho_DQ_2024.git'

(Proyecto1) C:\Users\sergi\OneDrive\Desktop\Danie_Pytho>git branch

(Proyecto1) C:\Users\sergi\OneDrive\Desktop\Danie_Pytho>git branch -M main

(Proyecto1) C:\Users\sergi\OneDrive\Desktop\Danie_Pytho>git add .

(Proyecto1) C:\Users\sergi\OneDrive\Desktop\Danie_Pytho>git commit -m "Commit Inicial"
[main (root-commit) 2c4a053] Commit Inicial
 2 files changed, 878 insertions(+)
 create mode 100644 poetry.lock
 create mode 100644 pyproject.toml

(Proyecto1) C:\Users\sergi\OneDrive\Desktop\Danie_Pytho>git remote add origin https://github.com/DanielDTom/ean_est_pytho_DQ_2024.git
error: remote origin already exists.

(Proyecto1) C:\Users\sergi\OneDrive\Desktop\Danie_Pytho>git push -u origin main
info: please complete authentication in your browser...
Enumerating objects: 4, done.
Counting objects: 100% (4/4), done.
Delta compression using up to 12 threads
Compressing objects: 100% (4/4), done.
Writing objects: 100% (4/4), 28.19 KiB | 9.40 MiB/s, done.
Total 4 (delta 0), reused 0 (delta 0), pack-reused 0 (from 0)
To https://github.com/DanielDTom/ean_est_pytho_DQ_2024.git
 * [new branch]      main -> main
branch 'main' set up to track 'origin/main'.

(Proyecto1) C:\Users\sergi\OneDrive\Desktop\Danie_Pytho>git clone https://github.com/Izainea/ean_est_python_2024/tree/main/Datos/
Cloning into 'Datos'...
fatal: repository 'https://github.com/Izainea/ean_est_python_2024/tree/main/Datos/' not found

(Proyecto1) C:\Users\sergi\OneDrive\Desktop\Danie_Pytho>git clone https://github.com/Izainea/ean_est_python_2024/tree/main/Datos/Clase%202
Cloning into 'Clase%202'...
fatal: repository 'https://github.com/Izainea/ean_est_python_2024/tree/main/Datos/Clase%202/' not found

(Proyecto1) C:\Users\sergi\OneDrive\Desktop\Danie_Pytho>git clone https://github.com/Izainea/ean_est_python_2024/tree/main/Datos/Clase%2024
Cloning into 'Clase%2024'...
fatal: repository 'https://github.com/Izainea/ean_est_python_2024/tree/main/Datos/Clase%2024/' not found

(Proyecto1) C:\Users\sergi\OneDrive\Desktop\Danie_Pytho>https://github.com/Izainea/ean_est_python_2024/tree/main/Datos/Clase%202
"https:" no se reconoce como un comando interno o externo,
programa o archivo por lotes ejecutable.

(Proyecto1) C:\Users\sergi\OneDrive\Desktop\Danie_Pytho>git clone https://github.com/Izainea/ean_est_python_2024/tree/main/Datos/Clase%202
Cloning into 'Clase%202'...
fatal: repository 'https://github.com/Izainea/ean_est_python_2024/tree/main/Datos/Clase%202/' not found

(Proyecto1) C:\Users\sergi\OneDrive\Desktop\Danie_Pytho>git clone https://github.com/Izainea/ean_est_python_2024.git
Cloning into 'ean_est_python_2024'...
remote: Enumerating objects: 51, done.
remote: Counting objects: 100% (51/51), done.
remote: Compressing objects: 100% (45/45), done.
remote: Total 51 (delta 12), reused 40 (delta 4), pack-reused 0 (from 0)
Receiving objects: 100% (51/51), 414.39 KiB | 1.40 MiB/s, done.
Resolving deltas: 100% (12/12), done.

(Proyecto1) C:\Users\sergi\OneDrive\Desktop\Danie_Pytho>cd ean_est_python_2024/Datos/Clase2
El sistema no puede encontrar la ruta especificada.

(Proyecto1) C:\Users\sergi\OneDrive\Desktop\Danie_Pytho>cd ean_est_python_2024/Datos/

(Proyecto1) C:\Users\sergi\OneDrive\Desktop\Danie_Pytho\ean_est_python_2024\Datos>
